// Jest Snapshot v1, https://goo.gl/fbAQLP

exports[`withField should render without error 1`] = `
<DocumentFragment>
  <form
    class=""
  >
    <div
      id="test-component"
    />
  </form>
</DocumentFragment>
`;
