// Jest Snapshot v1, https://goo.gl/fbAQLP

exports[`<IntlForm /> should render without crashing 1`] = `
<Component
  formatString={[Function]}
/>
`;
