// Jest Snapshot v1, https://goo.gl/fbAQLP

exports[`<FieldError /> should do nothing if invalid is false 1`] = `
<DocumentFragment>
  <form
    class=""
  />
</DocumentFragment>
`;
