// Jest Snapshot v1, https://goo.gl/fbAQLP

exports[`<Form /> should render without error 1`] = `
<DocumentFragment>
  <form
    class=""
  >
    <div>
      mock child
    </div>
  </form>
</DocumentFragment>
`;
