// Jest Snapshot v1, https://goo.gl/fbAQLP

exports[`withForm should render without error 1`] = `
<DocumentFragment>
  <form
    class=""
  >
    <div
      data-test-id="test-component"
    >
      form busy: false
    </div>
  </form>
</DocumentFragment>
`;
