// Jest Snapshot v1, https://goo.gl/fbAQLP

exports[`<Input /> should render without crashing 1`] = `
<DocumentFragment>
  <form
    class=""
  >
    <div
      class="field-group"
    >
      <label
        class="text-right"
        for="unitInput"
      >
        unitInput
      </label>
      <div
        class="input-container"
      >
        <input
          id="unitInput"
          name="unitInput"
          type="text"
          value=""
        />
      </div>
    </div>
  </form>
</DocumentFragment>
`;
